[prereg] verified against PREREG_E2.md: 526a5688eb49...

=== fejepa v2 run: configs/e2_m1024.json | device=cuda | workers=1 | tf32=True ===
[plan] steps by experiment: {'e8': 614400, 'total': 614400}

=== dataset ===
[dataset] runs/data3d_phase2 | n_val=256 pool=1744

=== labelling (WP5 economy) ===
[labelling] policy=economy label_need(pool prefix)=0 label_workers=1
[labelling-val] 25/256
[labelling-val] 50/256
[labelling-val] 75/256
[labelling-val] 100/256
[labelling-val] 125/256
[labelling-val] 150/256
[labelling-val] 175/256
[labelling-val] 200/256
[labelling-val] 225/256
[labelling-val] 250/256
[labelling-val] 256/256

=== loading archives (in-memory prefix 0 + val 256; E1'/E8 stream paths) ===

=== E8 ===
[E8 (AR pretrain)] starting: 3 units
/root/autodl-tmp/FE-JEPA/src/fejepa/anchor/energy.py:70: UserWarning: Sparse invariant checks are implicitly disabled. Memory errors (e.g. SEGFAULT) will occur when operating on a sparse tensor which violates the invariants, but checks incur performance overhead. To silence this warning, explicitly opt in or out. See `torch.sparse.check_sparse_tensor_invariants.__doc__` for guidance.  (Triggered internally at /pytorch/aten/src/ATen/Context.cpp:760.)
  K_t = torch.sparse_coo_tensor(idx, val, size=Kc.shape).coalesce()   # CPU
/root/autodl-tmp/FE-JEPA/src/fejepa/anchor/energy.py:74: UserWarning: Sparse CSR tensor support is in beta state. If you miss a functionality in the sparse tensor support, please submit a feature request to https://github.com/pytorch/pytorch/issues. (Triggered internally at /pytorch/aten/src/ATen/SparseCsrTensorImpl.cpp:49.)
  self.K_t = K_t.to_sparse_csr() if cuda_target else K_t
/root/autodl-tmp/FE-JEPA/src/fejepa/train/pretrain.py:126: UserWarning: Converting a tensor with requires_grad=True to a scalar may lead to unexpected behavior.
Consider using tensor.detach() first. (Triggered internally at /pytorch/torch/csrc/autograd/generated/python_variable_methods.cpp:838.)
  f"loss={float(loss):.4e}", flush=True)
[pretrain E8 AR pool1024 s0] step 20480/204800 (10%) loss=-7.4928e-03
[pretrain E8 AR pool1024 s0] step 40960/204800 (20%) loss=-8.2070e-03
[pretrain E8 AR pool1024 s0] step 61440/204800 (30%) loss=-1.3664e-02
[pretrain E8 AR pool1024 s0] step 81920/204800 (40%) loss=-4.1171e-02
[pretrain E8 AR pool1024 s0] step 102400/204800 (50%) loss=-8.1333e-03
[pretrain E8 AR pool1024 s0] step 122880/204800 (60%) loss=-2.2174e-02
[pretrain E8 AR pool1024 s0] step 143360/204800 (70%) loss=-2.3738e-02
[pretrain E8 AR pool1024 s0] step 163840/204800 (80%) loss=-2.0204e-02
[pretrain E8 AR pool1024 s0] step 184320/204800 (90%) loss=-4.3715e-02
[pretrain E8 AR pool1024 s0] step 204800/204800 (100%) loss=-2.3361e-02
[E8 (AR pretrain)] 1/3 (33%) elapsed 02:19:18 eta 04:38:36 | AR pool1024 s0
[pretrain E8 AR pool1024 s1] step 20480/204800 (10%) loss=-7.9727e-03
[pretrain E8 AR pool1024 s1] step 40960/204800 (20%) loss=-9.3817e-03
[pretrain E8 AR pool1024 s1] step 61440/204800 (30%) loss=-5.7203e-02
[pretrain E8 AR pool1024 s1] step 81920/204800 (40%) loss=-3.2915e-02
[pretrain E8 AR pool1024 s1] step 102400/204800 (50%) loss=-1.4316e-02
[pretrain E8 AR pool1024 s1] step 122880/204800 (60%) loss=-1.4521e-02
[pretrain E8 AR pool1024 s1] step 143360/204800 (70%) loss=-2.8369e-02
[pretrain E8 AR pool1024 s1] step 163840/204800 (80%) loss=-1.8699e-02
[pretrain E8 AR pool1024 s1] step 184320/204800 (90%) loss=-5.3266e-02
[pretrain E8 AR pool1024 s1] step 204800/204800 (100%) loss=-2.0252e-02
[E8 (AR pretrain)] 2/3 (67%) elapsed 04:40:37 eta 02:20:18 | AR pool1024 s1
[pretrain E8 AR pool1024 s2] step 20480/204800 (10%) loss=-4.5850e-02
[pretrain E8 AR pool1024 s2] step 40960/204800 (20%) loss=-4.0251e-02
[pretrain E8 AR pool1024 s2] step 61440/204800 (30%) loss=-7.9215e-03
[pretrain E8 AR pool1024 s2] step 81920/204800 (40%) loss=-1.4174e-02
[pretrain E8 AR pool1024 s2] step 102400/204800 (50%) loss=-9.2077e-02
[pretrain E8 AR pool1024 s2] step 122880/204800 (60%) loss=-7.9320e-03
[pretrain E8 AR pool1024 s2] step 143360/204800 (70%) loss=-6.8596e-02
[pretrain E8 AR pool1024 s2] step 163840/204800 (80%) loss=-4.0329e-02
[pretrain E8 AR pool1024 s2] step 184320/204800 (90%) loss=-2.9327e-02
[pretrain E8 AR pool1024 s2] step 204800/204800 (100%) loss=-6.1955e-02
[E8 (AR pretrain)] 3/3 (100%) elapsed 07:23:47 eta 00:00:00 | AR pool1024 s2
[E8 (AR pretrain)] done in 07:23:47

=== P3 (resolution transfer) ===
[labelling-fine-val] 25/256
[labelling-fine-val] 50/256
[labelling-fine-val] 75/256
[labelling-fine-val] 100/256
[labelling-fine-val] 125/256
[labelling-fine-val] 150/256
[labelling-fine-val] 175/256
[labelling-fine-val] 200/256
[labelling-fine-val] 225/256
[labelling-fine-val] 250/256
[labelling-fine-val] 256/256

=== gate G2 ===
[fejepa] report -> runs/e2_m1024/report.json
[fejepa] RESULTS.md -> runs/e2_m1024/RESULTS.md
[fejepa] figure -> runs/e2_m1024/figure1_energy_gap.png
[fejepa] gate G2 passed=False conditions={'a': False, 'b': False, 'c': False}
[fejepa] solve ledger: {'per_stage': {}, 'total': 0, 'wall_clock_s': 0.0}
