kept     WT1       medium K   154.28    34.2 s  weld 1.125 7.07
kept     WT1f      medium K   187.78    42.7 s  weld 1.083 11.31
kept     WT2A      medium K   136.55    30.6 s  weld 1.200 4.24
kept     WT2B      medium K   174.34    38.2 s  weld 1.100 9.90
kept     WT4A      medium K   197.92    76.6 s  weld 1.125 7.07
kept     WT51      medium K   149.60    56.4 s  weld 1.125 7.07
kept     WT53C     medium K   149.14    37.8 s  weld 1.125 7.07
kept     WT53D     medium K   149.57    33.4 s  weld 1.125 7.07
kept     WT53E     medium K   148.70    34.4 s  weld 1.125 7.07
kept     WT7_M12   medium K    83.49    61.8 s  weld 1.125 7.07
kept     WT7_M16   medium K   101.47    64.6 s  weld 1.125 7.07
kept     WT7_M20   medium K   125.66    49.9 s  weld 1.125 7.07
kept     WT57_M12  medium K    82.71    61.8 s  weld 1.125 7.07
kept     WT57_M16  medium K    99.04    61.7 s  weld 1.125 7.07
kept     WT57_M20  medium K   123.56    46.4 s  weld 1.125 7.07
dropped  WT1       medium K   148.52    41.1 s  weld 0.875 6.19
dropped  WT1f      medium K   179.36    63.3 s  weld 0.917 10.37
dropped  WT2A      medium K   132.28    44.7 s  weld 0.800 3.39
dropped  WT2B      medium K   166.42    55.9 s  weld 0.900 8.91
dropped  WT4A      medium K   191.30    68.0 s  weld 0.875 6.19
dropped  WT51      medium K   143.98    34.4 s  weld 0.875 6.19
dropped  WT53C     medium K   143.55    32.9 s  weld 0.875 6.19
dropped  WT53D     medium K   143.95    50.4 s  weld 0.875 6.19
dropped  WT53E     medium K   143.12    52.9 s  weld 0.875 6.19
dropped  WT7_M12   medium K    81.08    92.7 s  weld 0.875 6.19
dropped  WT7_M16   medium K    98.25    91.5 s  weld 0.875 6.19
dropped  WT7_M20   medium K   121.34    72.9 s  weld 0.875 6.19
dropped  WT57_M12  medium K    80.28    88.9 s  weld 0.875 6.19
dropped  WT57_M16  medium K    95.89    86.6 s  weld 0.875 6.19
dropped  WT57_M20  medium K   119.26    67.6 s  weld 0.875 6.19
kept     WT1       fine   K   152.50   209.7 s  weld 1.091 7.07
kept     WT1f      fine   K   185.21   363.4 s  weld 1.056 11.31
kept     WT2A      fine   K   135.09   187.6 s  weld 1.143 4.24
kept     WT2B      fine   K   171.98   309.9 s  weld 1.067 9.90
kept     WT4A      fine   K   195.70   431.2 s  weld 1.091 7.07
kept     WT51      fine   K   147.84   232.9 s  weld 1.091 7.07
kept     WT53C     fine   K   147.39   250.5 s  weld 1.091 7.07
kept     WT53D     fine   K   147.83   233.0 s  weld 1.091 7.07
kept     WT53E     fine   K   146.97   237.9 s  weld 1.091 7.07
kept     WT7_M12   fine   K    82.59   434.7 s  weld 1.091 7.07
kept     WT7_M16   fine   K   100.40   408.7 s  weld 1.091 7.07
kept     WT7_M20   fine   K   123.88   337.2 s  weld 1.091 7.07
kept     WT57_M12  fine   K    81.81   420.7 s  weld 1.091 7.07
kept     WT57_M16  fine   K    97.99   442.3 s  weld 1.091 7.07
kept     WT57_M20  fine   K   121.78   347.0 s  weld 1.091 7.07
dropped  WT1       fine   K   148.35   211.1 s  weld 0.909 6.43
dropped  WT1f      fine   K   179.64   321.5 s  weld 0.944 10.69
dropped  WT2A      fine   K   132.07   171.9 s  weld 0.857 3.64
dropped  WT2B      fine   K   166.74   145.3 s  weld 0.933 9.24
dropped  WT4A      fine   K   190.94   183.6 s  weld 0.909 6.43
dropped  WT51      fine   K   143.80   129.2 s  weld 0.909 6.43
dropped  WT53C     fine   K   143.38   132.2 s  weld 0.909 6.43
dropped  WT53D     fine   K   143.79   120.9 s  weld 0.909 6.43
dropped  WT53E     fine   K   142.95   121.5 s  weld 0.909 6.43
dropped  WT7_M12   fine   K    80.86   216.8 s  weld 0.909 6.43
dropped  WT7_M16   fine   K    98.08   221.5 s  weld 0.909 6.43
dropped  WT7_M20   fine   K   120.79   178.4 s  weld 0.909 6.43
dropped  WT57_M12  fine   K    80.06   214.6 s  weld 0.909 6.43
dropped  WT57_M16  fine   K    95.72   222.2 s  weld 0.909 6.43
dropped  WT57_M20  fine   K   118.70   185.0 s  weld 0.909 6.43
