[prereg] verified against PREREG_E2.md: 82118d7d3309...

=== fejepa v2 run: configs/e2_m512.json | device=cuda | workers=1 | tf32=True ===
[plan] steps by experiment: {'e8': 614400, 'total': 614400}

=== dataset ===
[dataset] runs/data3d_phase2 | n_val=256 pool=1744

=== labelling (WP5 economy) ===
[labelling] policy=economy label_need(pool prefix)=0 label_workers=1
[labelling-val] 25/256
[labelling-val] 50/256
[labelling-val] 75/256
[labelling-val] 100/256
[labelling-val] 125/256
[labelling-val] 150/256
[labelling-val] 175/256
[labelling-val] 200/256
[labelling-val] 225/256
[labelling-val] 250/256
[labelling-val] 256/256

=== loading archives (in-memory prefix 0 + val 256; E1'/E8 stream paths) ===

=== E8 ===
[E8 (AR pretrain)] starting: 3 units
/root/autodl-tmp/FE-JEPA/src/fejepa/anchor/energy.py:70: UserWarning: Sparse invariant checks are implicitly disabled. Memory errors (e.g. SEGFAULT) will occur when operating on a sparse tensor which violates the invariants, but checks incur performance overhead. To silence this warning, explicitly opt in or out. See `torch.sparse.check_sparse_tensor_invariants.__doc__` for guidance.  (Triggered internally at /pytorch/aten/src/ATen/Context.cpp:760.)
  K_t = torch.sparse_coo_tensor(idx, val, size=Kc.shape).coalesce()   # CPU
/root/autodl-tmp/FE-JEPA/src/fejepa/anchor/energy.py:74: UserWarning: Sparse CSR tensor support is in beta state. If you miss a functionality in the sparse tensor support, please submit a feature request to https://github.com/pytorch/pytorch/issues. (Triggered internally at /pytorch/aten/src/ATen/SparseCsrTensorImpl.cpp:49.)
  self.K_t = K_t.to_sparse_csr() if cuda_target else K_t
/root/autodl-tmp/FE-JEPA/src/fejepa/train/pretrain.py:126: UserWarning: Converting a tensor with requires_grad=True to a scalar may lead to unexpected behavior.
Consider using tensor.detach() first. (Triggered internally at /pytorch/torch/csrc/autograd/generated/python_variable_methods.cpp:838.)
  f"loss={float(loss):.4e}", flush=True)
[pretrain E8 AR pool1024 s0] step 20480/204800 (10%) loss=-5.6744e-03
[pretrain E8 AR pool1024 s0] step 40960/204800 (20%) loss=-8.2874e-03
[pretrain E8 AR pool1024 s0] step 61440/204800 (30%) loss=-1.3662e-02
[pretrain E8 AR pool1024 s0] step 81920/204800 (40%) loss=-3.9607e-02
[pretrain E8 AR pool1024 s0] step 102400/204800 (50%) loss=-7.9600e-03
[pretrain E8 AR pool1024 s0] step 122880/204800 (60%) loss=-2.2460e-02
[pretrain E8 AR pool1024 s0] step 143360/204800 (70%) loss=-2.3902e-02
[pretrain E8 AR pool1024 s0] step 163840/204800 (80%) loss=-1.9951e-02
[pretrain E8 AR pool1024 s0] step 184320/204800 (90%) loss=-4.3668e-02
[pretrain E8 AR pool1024 s0] step 204800/204800 (100%) loss=-2.3311e-02
[E8 (AR pretrain)] 1/3 (33%) elapsed 02:36:48 eta 05:13:36 | AR pool1024 s0
[pretrain E8 AR pool1024 s1] step 20480/204800 (10%) loss=-7.2381e-03
[pretrain E8 AR pool1024 s1] step 40960/204800 (20%) loss=-8.3022e-03
[pretrain E8 AR pool1024 s1] step 61440/204800 (30%) loss=-5.8772e-02
[pretrain E8 AR pool1024 s1] step 81920/204800 (40%) loss=-3.3346e-02
[pretrain E8 AR pool1024 s1] step 102400/204800 (50%) loss=-1.3641e-02
[pretrain E8 AR pool1024 s1] step 122880/204800 (60%) loss=-1.4620e-02
[pretrain E8 AR pool1024 s1] step 143360/204800 (70%) loss=-2.7390e-02
[pretrain E8 AR pool1024 s1] step 163840/204800 (80%) loss=-1.8379e-02
[pretrain E8 AR pool1024 s1] step 184320/204800 (90%) loss=-5.2678e-02
[pretrain E8 AR pool1024 s1] step 204800/204800 (100%) loss=-2.0071e-02
[E8 (AR pretrain)] 2/3 (67%) elapsed 04:59:27 eta 02:29:43 | AR pool1024 s1
[pretrain E8 AR pool1024 s2] step 20480/204800 (10%) loss=-5.2088e-02
[pretrain E8 AR pool1024 s2] step 40960/204800 (20%) loss=-4.0005e-02
[pretrain E8 AR pool1024 s2] step 61440/204800 (30%) loss=-7.8247e-03
[pretrain E8 AR pool1024 s2] step 81920/204800 (40%) loss=-1.4090e-02
[pretrain E8 AR pool1024 s2] step 102400/204800 (50%) loss=-9.1852e-02
[pretrain E8 AR pool1024 s2] step 122880/204800 (60%) loss=-7.9899e-03
[pretrain E8 AR pool1024 s2] step 143360/204800 (70%) loss=-6.8526e-02
[pretrain E8 AR pool1024 s2] step 163840/204800 (80%) loss=-4.0206e-02
[pretrain E8 AR pool1024 s2] step 184320/204800 (90%) loss=-2.9329e-02
[pretrain E8 AR pool1024 s2] step 204800/204800 (100%) loss=-6.1956e-02
[E8 (AR pretrain)] 3/3 (100%) elapsed 07:33:01 eta 00:00:00 | AR pool1024 s2
[E8 (AR pretrain)] done in 07:33:01

=== P3 (resolution transfer) ===
[labelling-fine-val] 25/256
[labelling-fine-val] 50/256
[labelling-fine-val] 75/256
[labelling-fine-val] 100/256
[labelling-fine-val] 125/256
[labelling-fine-val] 150/256
[labelling-fine-val] 175/256
[labelling-fine-val] 200/256
[labelling-fine-val] 225/256
[labelling-fine-val] 250/256
[labelling-fine-val] 256/256

=== gate G2 ===
[fejepa] report -> runs/e2_m512/report.json
[fejepa] RESULTS.md -> runs/e2_m512/RESULTS.md
[fejepa] figure -> runs/e2_m512/figure1_energy_gap.png
[fejepa] gate G2 passed=False conditions={'a': False, 'b': False, 'c': False}
[fejepa] solve ledger: {'per_stage': {}, 'total': 0, 'wall_clock_s': 0.0}
